2025/08/20 00:52:30.055293 User 2 checking active call for chat 7
2025/08/20 00:52:30.061063 No active call found for chat 7
2025/08/20 00:53:14.377465 User 2 checking active call for chat 7
2025/08/20 00:53:14.378967 No active call found for chat 7
2025/08/20 00:53:14.483516 User 2 joining call for chat 7
2025/08/20 00:53:14.491593 Sending join message with global start time: 1755640394535
2025/08/20 00:53:15.505312 User 2 sending ICE candidate to 
2025/08/20 00:53:15.505480 User 2 sending ICE candidate to 
2025/08/20 00:53:15.505546 User 2 sending ICE candidate to 
2025/08/20 00:53:15.505577 User 2 sending ICE candidate to 
2025/08/20 00:53:15.505586 User 2 sending ICE candidate to 
2025/08/20 00:53:15.505596 User 2 sending ICE candidate to 
2025/08/20 00:53:15.505602 User 2 sending ICE candidate to 
2025/08/20 00:53:15.505607 User 2 sending ICE candidate to 
2025/08/20 00:53:15.505613 User 2 sending ICE candidate to 
2025/08/20 00:53:39.962855 User 3 checking active call for chat 7
2025/08/20 00:53:39.963444 Found active call in memory for chat 7, start time: 1755640394535
2025/08/20 00:53:41.063695 User 3 checking active call for chat 7
2025/08/20 00:53:41.063812 Found active call in memory for chat 7, start time: 1755640394535
2025/08/20 00:53:55.663992 User 3 leaving call for chat 7
2025/08/20 00:53:55.679572 User 3 leaving call for chat 7
2025/08/20 00:54:11.717464 User 3 leaving call for chat 7
2025/08/20 00:54:11.725660 User 3 leaving call for chat 7
2025/08/20 00:54:18.451374 User 2 leaving call for chat 7
2025/08/20 00:54:18.462934 User 2 leaving call for chat 7
2025/08/20 00:54:28.736252 User 3 leaving call for chat 7
2025/08/20 00:54:28.744636 User 3 leaving call for chat 7
2025/08/20 00:54:35.191405 User 2 leaving call for chat 7
2025/08/20 00:54:35.199164 User 2 leaving call for chat 7
2025/08/20 00:54:35.235007 User 3 leaving call for chat 7
2025/08/20 00:54:35.238291 User 3 leaving call for chat 7
2025/08/20 00:54:53.335731 User 2 leaving call for chat 7
2025/08/20 00:54:53.341124 User 2 leaving call for chat 7
2025/08/20 00:58:20.164347 User 2 checking active call for chat 7
2025/08/20 00:58:20.166182 No active call found for chat 7
2025/08/20 00:58:20.185873 User 3 checking active call for chat 7
2025/08/20 00:58:20.186920 No active call found for chat 7
2025/08/20 01:06:04.849630 User 2 checking active call for chat 7
2025/08/20 01:06:04.852471 No active call found for chat 7
2025/08/20 01:06:10.487745 User 2 checking active call for chat 7
2025/08/20 01:06:10.499036 No active call found for chat 7
2025/08/20 01:06:15.632580 User 2 checking active call for chat 7
2025/08/20 01:06:15.644570 No active call found for chat 7
2025/08/20 01:06:16.706348 User 2 checking active call for chat 7
2025/08/20 01:06:16.708424 No active call found for chat 7
2025/08/20 01:06:16.820087 User 2 joining call for chat 7
2025/08/20 01:06:16.830192 Sending join message with global start time: 1755641176936
2025/08/20 01:06:17.848205 User 2 sending ICE candidate to 
2025/08/20 01:06:17.848317 User 2 sending ICE candidate to 
2025/08/20 01:06:17.848347 User 2 sending ICE candidate to 
2025/08/20 01:06:17.848378 User 2 sending ICE candidate to 
2025/08/20 01:06:17.848429 User 2 sending ICE candidate to 
2025/08/20 01:06:27.997468 User 3 checking active call for chat 7
2025/08/20 01:06:27.997738 Found active call in memory for chat 7, start time: 1755641176936
2025/08/20 01:06:28.697541 User 3 checking active call for chat 7
2025/08/20 01:06:28.697605 Found active call in memory for chat 7, start time: 1755641176936
2025/08/20 01:06:37.163382 User 3 leaving call for chat 7
2025/08/20 01:06:37.182958 User 3 leaving call for chat 7
2025/08/20 01:06:53.451698 User 3 leaving call for chat 7
2025/08/20 01:06:53.461767 User 3 leaving call for chat 7
2025/08/20 01:08:23.936200 User 2 leaving call for chat 7
2025/08/20 01:08:23.950008 User 2 leaving call for chat 7
2025/08/20 01:31:54.579602 User 2 checking active call for chat 7
2025/08/20 01:31:54.587954 No active call found for chat 7
