2025/08/17 23:04:45.678592 User 2 checking active call for chat 7
2025/08/17 23:04:45.681867 No active call found for chat 7
2025/08/17 23:04:45.794480 User 2 joining call for chat 7
2025/08/17 23:04:45.800537 Sending join message with global start time: 1755461085825
2025/08/17 23:04:46.817385 User 2 sending ICE candidate to 
2025/08/17 23:04:46.817452 User 2 sending ICE candidate to 
2025/08/17 23:04:46.817467 User 2 sending ICE candidate to 
2025/08/17 23:04:46.817481 User 2 sending ICE candidate to 
2025/08/17 23:04:46.817494 User 2 sending ICE candidate to 
2025/08/17 23:04:48.356295 User 2 leaving call for chat 7
2025/08/17 23:04:48.368989 User 2 leaving call for chat 7
2025/08/17 23:04:48.369836 User 2 checking active call for chat 7
2025/08/17 23:04:48.370633 No active call found for chat 7
2025/08/17 23:04:48.513678 User 2 joining call for chat 7
2025/08/17 23:04:48.520803 Sending join message with global start time: 1755461088544
2025/08/17 23:04:49.537690 User 2 sending ICE candidate to 
2025/08/17 23:04:49.538099 User 2 sending ICE candidate to 
2025/08/17 23:04:49.538534 User 2 sending ICE candidate to 
2025/08/17 23:04:49.538702 User 2 sending ICE candidate to 
2025/08/17 23:04:49.538882 User 2 leaving call for chat 7
2025/08/17 23:04:49.565037 User 2 leaving call for chat 7
2025/08/17 23:04:49.565950 User 2 checking active call for chat 7
2025/08/17 23:04:49.566982 No active call found for chat 7
2025/08/17 23:04:49.698048 User 2 joining call for chat 7
2025/08/17 23:04:49.713143 Sending join message with global start time: 1755461089729
2025/08/17 23:04:50.731065 User 2 sending ICE candidate to 
2025/08/17 23:04:50.731208 User 2 sending ICE candidate to 
2025/08/17 23:04:50.731261 User 2 sending ICE candidate to 
2025/08/17 23:04:50.731384 User 2 leaving call for chat 7
2025/08/17 23:04:50.740990 User 2 leaving call for chat 7
2025/08/17 23:04:50.742439 User 2 checking active call for chat 7
2025/08/17 23:04:50.743815 No active call found for chat 7
2025/08/17 23:04:50.873733 User 2 joining call for chat 7
2025/08/17 23:04:50.882020 Sending join message with global start time: 1755461090906
2025/08/17 23:04:51.901130 User 2 sending ICE candidate to 
2025/08/17 23:04:51.901878 User 2 sending ICE candidate to 
2025/08/17 23:04:51.901995 User 2 sending ICE candidate to 
2025/08/17 23:04:51.902196 User 2 leaving call for chat 7
2025/08/17 23:04:51.919455 User 2 leaving call for chat 7
2025/08/17 23:04:51.920603 User 2 checking active call for chat 7
2025/08/17 23:04:51.921757 No active call found for chat 7
2025/08/17 23:04:52.055246 User 2 joining call for chat 7
2025/08/17 23:04:52.060045 Sending join message with global start time: 1755461092086
2025/08/17 23:04:53.073917 User 2 sending ICE candidate to 
2025/08/17 23:04:53.074051 User 2 sending ICE candidate to 
2025/08/17 23:04:53.074090 User 2 sending ICE candidate to 
2025/08/17 23:04:53.074100 User 2 sending ICE candidate to 
2025/08/17 23:04:53.074109 User 2 sending ICE candidate to 
2025/08/17 23:04:53.074138 User 2 leaving call for chat 7
2025/08/17 23:04:53.077626 User 2 leaving call for chat 7
2025/08/17 23:04:53.078177 User 2 checking active call for chat 7
2025/08/17 23:04:53.078803 No active call found for chat 7
2025/08/17 23:04:53.198307 User 2 joining call for chat 7
2025/08/17 23:04:53.204079 Sending join message with global start time: 1755461093229
2025/08/17 23:04:54.217365 User 2 sending ICE candidate to 
2025/08/17 23:04:54.217539 User 2 sending ICE candidate to 
2025/08/17 23:04:54.217575 User 2 sending ICE candidate to 
2025/08/17 23:04:54.217604 User 2 sending ICE candidate to 
2025/08/17 23:04:54.217622 User 2 sending ICE candidate to 
2025/08/17 23:04:54.217706 User 2 leaving call for chat 7
2025/08/17 23:04:54.223055 User 2 leaving call for chat 7
2025/08/17 23:04:54.223882 User 2 checking active call for chat 7
2025/08/17 23:04:54.224628 No active call found for chat 7
2025/08/17 23:04:54.373653 User 2 joining call for chat 7
2025/08/17 23:04:54.377826 Sending join message with global start time: 1755461094404
2025/08/17 23:04:55.391564 User 2 sending ICE candidate to 
2025/08/17 23:04:55.391771 User 2 sending ICE candidate to 
2025/08/17 23:04:55.391805 User 2 sending ICE candidate to 
2025/08/17 23:04:55.391877 User 2 leaving call for chat 7
2025/08/17 23:04:55.400800 User 2 leaving call for chat 7
2025/08/17 23:04:55.401941 User 2 checking active call for chat 7
2025/08/17 23:04:55.403404 No active call found for chat 7
2025/08/17 23:04:55.526258 User 2 joining call for chat 7
2025/08/17 23:04:55.533762 Sending join message with global start time: 1755461095557
2025/08/17 23:04:56.547643 User 2 sending ICE candidate to 
2025/08/17 23:04:56.547711 User 2 sending ICE candidate to 
2025/08/17 23:04:56.547730 User 2 sending ICE candidate to 
2025/08/17 23:04:56.787549 User 2 leaving call for chat 7
2025/08/17 23:04:56.807454 User 2 leaving call for chat 7
2025/08/17 23:04:56.808234 User 2 checking active call for chat 7
2025/08/17 23:04:56.809035 No active call found for chat 7
2025/08/17 23:04:56.934445 User 2 joining call for chat 7
2025/08/17 23:04:56.942263 Sending join message with global start time: 1755461096965
2025/08/17 23:04:57.954011 User 2 sending ICE candidate to 
2025/08/17 23:04:57.954116 User 2 sending ICE candidate to 
2025/08/17 23:04:57.954139 User 2 sending ICE candidate to 
2025/08/17 23:04:57.954211 User 2 leaving call for chat 7
2025/08/17 23:04:57.963664 User 2 leaving call for chat 7
2025/08/17 23:04:57.965409 User 2 checking active call for chat 7
2025/08/17 23:04:57.966720 No active call found for chat 7
2025/08/17 23:04:58.092089 User 2 joining call for chat 7
2025/08/17 23:04:58.096606 Sending join message with global start time: 1755461098123
2025/08/17 23:04:59.110855 User 2 sending ICE candidate to 
2025/08/17 23:04:59.110920 User 2 sending ICE candidate to 
2025/08/17 23:04:59.110934 User 2 sending ICE candidate to 
2025/08/17 23:04:59.110943 User 2 sending ICE candidate to 
2025/08/17 23:04:59.110950 User 2 sending ICE candidate to 
2025/08/17 23:05:03.666487 User 2 checking active call for chat 10
2025/08/17 23:05:03.668051 No active call found for chat 10
2025/08/17 23:05:03.783692 User 2 joining call for chat 10
2025/08/17 23:05:03.787497 Sending join message with global start time: 1755461103814
2025/08/17 23:05:04.803435 User 2 sending ICE candidate to 
2025/08/17 23:05:04.803632 User 2 sending ICE candidate to 
2025/08/17 23:05:04.803689 User 2 sending ICE candidate to 
2025/08/17 23:05:04.803807 User 2 sending ICE candidate to 
2025/08/17 23:05:04.803857 User 2 sending ICE candidate to 
2025/08/17 23:08:27.453124 User 2 leaving call for chat 10
2025/08/17 23:26:26.714112 User 2 checking active call for chat 10
2025/08/17 23:26:26.719756 No active call found for chat 10
2025/08/17 23:26:26.829756 User 2 joining call for chat 10
2025/08/17 23:26:26.834191 Sending join message with global start time: 1755462386852
2025/08/17 23:26:27.850266 User 2 sending ICE candidate to 
2025/08/17 23:26:27.850320 User 2 sending ICE candidate to 
2025/08/17 23:26:27.850329 User 2 sending ICE candidate to 
2025/08/17 23:26:27.850336 User 2 sending ICE candidate to 
2025/08/17 23:26:27.850346 User 2 sending ICE candidate to 
2025/08/17 23:26:27.850351 User 2 sending ICE candidate to 
2025/08/17 23:26:27.850357 User 2 sending ICE candidate to 
2025/08/17 23:26:27.850362 User 2 sending ICE candidate to 
2025/08/17 23:26:27.850368 User 2 sending ICE candidate to 
2025/08/17 23:30:47.846823 User 2 checking active call for chat 10
2025/08/17 23:30:47.851896 Found active call in database for chat 10, start time: 1755462386852
2025/08/17 23:30:49.462544 User 2 checking active call for chat 7
2025/08/17 23:30:49.463860 Found active call in database for chat 7, start time: 1755461098123
2025/08/17 23:30:50.870281 User 2 checking active call for chat 7
2025/08/17 23:30:50.870462 Found active call in memory for chat 7, start time: 1755461098123
2025/08/17 23:30:50.999069 User 2 joining call for chat 7
2025/08/17 23:30:51.005200 Sending join message with global start time: 1755461098123
2025/08/17 23:30:52.018852 User 2 sending ICE candidate to 
2025/08/17 23:30:52.018887 User 2 sending ICE candidate to 
2025/08/17 23:30:52.018915 User 2 sending ICE candidate to 
2025/08/17 23:30:52.018962 User 2 sending ICE candidate to 
2025/08/17 23:30:52.018981 User 2 sending ICE candidate to 
2025/08/17 23:30:52.019050 User 2 sending ICE candidate to 
2025/08/17 23:30:52.019067 User 2 sending ICE candidate to 
2025/08/17 23:30:52.019075 User 2 sending ICE candidate to 
2025/08/17 23:30:52.019110 User 2 sending ICE candidate to 
2025/08/17 23:30:53.046231 User 2 leaving call for chat 7
2025/08/17 23:30:53.055796 User 2 leaving call for chat 7
2025/08/17 23:31:06.372120 User 2 leaving call for chat 7
2025/08/17 23:31:06.377115 User 2 leaving call for chat 7
2025/08/17 23:32:16.630938 User 2 leaving call for chat 7
2025/08/17 23:32:16.636268 User 2 leaving call for chat 7
2025/08/17 23:32:17.502423 User 2 leaving call for chat 7
2025/08/17 23:32:17.510467 User 2 leaving call for chat 7
2025/08/17 23:32:18.807000 User 2 leaving call for chat 7
2025/08/17 23:32:18.810498 User 2 leaving call for chat 7
2025/08/17 23:34:24.898105 User 2 leaving call for chat 7
2025/08/17 23:34:51.889976 User 2 checking active call for chat 7
2025/08/17 23:34:51.893692 No active call found for chat 7
2025/08/17 23:34:53.031144 User 2 checking active call for chat 7
2025/08/17 23:34:53.034852 No active call found for chat 7
2025/08/17 23:34:54.474766 User 2 joining call for chat 7
2025/08/17 23:34:54.480548 Sending join message with global start time: 1755462894481
2025/08/17 23:34:55.506686 User 2 sending ICE candidate to 
2025/08/17 23:34:55.506744 User 2 sending ICE candidate to 
2025/08/17 23:34:55.506762 User 2 sending ICE candidate to 
2025/08/17 23:34:55.506787 User 2 sending ICE candidate to 
2025/08/17 23:34:55.506807 User 2 sending ICE candidate to 
2025/08/17 23:34:55.515574 User 2 sending ICE candidate to 
2025/08/17 23:34:55.515620 User 2 sending ICE candidate to 
2025/08/17 23:34:55.515684 User 2 sending ICE candidate to 
2025/08/17 23:34:55.515768 User 2 sending ICE candidate to 
2025/08/17 23:34:55.515782 User 2 sending ICE candidate to 
2025/08/17 23:34:55.515791 User 2 sending ICE candidate to 
2025/08/17 23:34:55.515823 User 2 sending ICE candidate to 
2025/08/17 23:34:55.515866 User 2 sending ICE candidate to 
2025/08/17 23:34:55.515889 User 2 sending ICE candidate to 
2025/08/17 23:34:55.515931 User 2 sending ICE candidate to 
2025/08/17 23:34:55.515960 User 2 sending ICE candidate to 
2025/08/17 23:34:55.515987 User 2 sending ICE candidate to 
2025/08/17 23:34:55.516014 User 2 sending ICE candidate to 
2025/08/17 23:34:55.516035 User 2 sending ICE candidate to 
2025/08/17 23:34:55.516056 User 2 sending ICE candidate to 
2025/08/17 23:34:55.516082 User 2 sending ICE candidate to 
2025/08/17 23:34:55.516101 User 2 sending ICE candidate to 
2025/08/17 23:35:10.031536 User 2 leaving call for chat 7
2025/08/17 23:35:10.047466 User 2 leaving call for chat 7
2025/08/17 23:35:26.843498 User 2 leaving call for chat 7
2025/08/17 23:35:26.846988 User 2 leaving call for chat 7
2025/08/17 23:35:44.506741 User 2 leaving call for chat 7
2025/08/17 23:35:44.519864 User 2 leaving call for chat 7
2025/08/17 23:36:11.407817 User 2 leaving call for chat 7
2025/08/17 23:36:11.415510 User 2 leaving call for chat 7
2025/08/17 23:45:08.804596 User 2 checking active call for chat 7
2025/08/17 23:45:08.808156 No active call found for chat 7
2025/08/17 23:45:10.128082 User 2 checking active call for chat 7
2025/08/17 23:45:10.130731 No active call found for chat 7
2025/08/17 23:45:10.275201 User 2 joining call for chat 7
2025/08/17 23:45:10.281745 Sending join message with global start time: 1755463510283
2025/08/17 23:45:11.300348 User 2 sending ICE candidate to 
2025/08/17 23:45:11.300440 User 2 sending ICE candidate to 
2025/08/17 23:45:11.300462 User 2 sending ICE candidate to 
2025/08/17 23:45:11.300475 User 2 sending ICE candidate to 
2025/08/17 23:45:11.300491 User 2 sending ICE candidate to 
2025/08/17 23:45:11.300512 User 2 sending ICE candidate to 
2025/08/17 23:45:11.300575 User 2 sending ICE candidate to 
2025/08/17 23:45:11.300623 User 2 sending ICE candidate to 
2025/08/17 23:45:11.300640 User 2 sending ICE candidate to 
2025/08/17 23:45:16.739229 User 2 sending offer to 
2025/08/17 23:45:18.826964 User 2 checking active call for chat 7
2025/08/17 23:45:18.827006 Found active call in memory for chat 7, start time: 1755463510283
2025/08/17 23:45:19.396291 User 2 checking active call for chat 7
2025/08/17 23:45:19.396476 Found active call in memory for chat 7, start time: 1755463510283
2025/08/17 23:45:21.263298 User 2 joining call for chat 7
2025/08/17 23:45:21.277907 Sending join message with global start time: 1755463510283
2025/08/17 23:45:22.295334 User 2 sending ICE candidate to 
2025/08/17 23:45:22.295412 User 2 sending ICE candidate to 
2025/08/17 23:45:22.312790 User 2 sending ICE candidate to 
2025/08/17 23:45:22.312919 User 2 sending ICE candidate to 
2025/08/17 23:45:22.312941 User 2 sending ICE candidate to 
2025/08/17 23:45:22.312957 User 2 sending ICE candidate to 
2025/08/17 23:45:22.312973 User 2 sending ICE candidate to 
2025/08/17 23:45:22.312988 User 2 sending ICE candidate to 
2025/08/17 23:45:22.313002 User 2 sending ICE candidate to 
2025/08/17 23:45:22.313016 User 2 sending ICE candidate to 
2025/08/17 23:45:22.367313 User 2 sending ICE candidate to 
2025/08/17 23:45:27.692754 User 2 leaving call for chat 7
2025/08/17 23:45:27.703826 User 2 leaving call for chat 7
2025/08/17 23:49:23.772156 User 2 leaving call for chat 7
2025/08/17 23:49:23.789200 User 2 leaving call for chat 7
2025/08/17 23:49:40.206303 User 2 leaving call for chat 7
2025/08/17 23:49:40.221476 User 2 leaving call for chat 7
2025/08/17 23:49:50.259889 User 2 checking active call for chat 7
2025/08/17 23:49:50.263883 No active call found for chat 7
2025/08/17 23:49:50.411412 User 2 joining call for chat 7
2025/08/17 23:49:50.420084 Sending join message with global start time: 1755463642783
2025/08/17 23:49:50.488539 User 2 sending offer to 
2025/08/17 23:49:51.448884 User 2 sending ICE candidate to 
2025/08/17 23:49:51.448963 User 2 sending ICE candidate to 
2025/08/17 23:49:51.448974 User 2 sending ICE candidate to 
2025/08/17 23:49:51.448980 User 2 sending ICE candidate to 
2025/08/17 23:49:51.448987 User 2 sending ICE candidate to 
2025/08/17 23:50:00.074885 User 2 checking active call for chat 7
2025/08/17 23:50:00.075075 Found active call in memory for chat 7, start time: 1755463642783
2025/08/17 23:50:00.089712 User 2 joining call for chat 7
2025/08/17 23:50:00.105196 Sending join message with global start time: 1755463642783
2025/08/17 23:50:01.124640 User 2 sending ICE candidate to 
2025/08/17 23:50:01.124745 User 2 sending ICE candidate to 
2025/08/17 23:50:01.124777 User 2 sending ICE candidate to 
2025/08/17 23:50:01.124802 User 2 sending ICE candidate to 
2025/08/17 23:50:01.124828 User 2 sending ICE candidate to 
2025/08/17 23:50:01.139739 User 2 sending ICE candidate to 
2025/08/17 23:50:01.139890 User 2 sending ICE candidate to 
2025/08/17 23:50:01.139960 User 2 sending ICE candidate to 
2025/08/17 23:50:01.140030 User 2 sending ICE candidate to 
2025/08/17 23:50:01.140489 User 2 sending ICE candidate to 
2025/08/17 23:50:01.140568 User 2 sending ICE candidate to 
2025/08/17 23:50:01.140609 User 2 sending ICE candidate to 
2025/08/17 23:50:01.140674 User 2 sending ICE candidate to 
2025/08/17 23:50:01.140705 User 2 sending ICE candidate to 
2025/08/17 23:54:38.780674 User 2 checking active call for chat 7
2025/08/17 23:54:38.781020 Found active call in memory for chat 7, start time: 1755463642783
2025/08/17 23:54:39.952779 User 2 checking active call for chat 7
2025/08/17 23:54:39.952888 Found active call in memory for chat 7, start time: 1755463642783
2025/08/17 23:54:40.077491 User 2 joining call for chat 7
2025/08/17 23:54:40.082738 Sending join message with global start time: 1755463642783
2025/08/17 23:54:41.098965 User 2 sending ICE candidate to 
2025/08/17 23:54:41.099082 User 2 sending ICE candidate to 
2025/08/17 23:54:41.099269 User 2 sending ICE candidate to 
2025/08/17 23:54:41.100306 User 2 sending ICE candidate to 
2025/08/17 23:54:41.100520 User 2 sending ICE candidate to 
2025/08/17 23:54:41.100632 User 2 sending ICE candidate to 
2025/08/17 23:54:41.101139 User 2 sending ICE candidate to 
2025/08/17 23:54:41.101356 User 2 sending ICE candidate to 
2025/08/17 23:54:41.101462 User 2 sending ICE candidate to 
2025/08/17 23:54:45.006311 User 2 leaving call for chat 7
2025/08/17 23:54:45.018559 User 2 leaving call for chat 7
2025/08/17 23:54:45.020424 User 2 checking active call for chat 7
2025/08/17 23:54:45.021095 No active call found for chat 7
2025/08/17 23:54:46.195306 User 2 checking active call for chat 7
2025/08/17 23:54:46.197522 No active call found for chat 7
2025/08/17 23:55:01.204760 User 2 leaving call for chat 7
2025/08/17 23:55:01.210800 User 2 leaving call for chat 7
2025/08/17 23:55:01.213593 User 2 checking active call for chat 7
2025/08/17 23:55:01.214572 No active call found for chat 7
2025/08/17 23:55:03.647443 User 2 checking active call for chat 7
2025/08/17 23:55:03.651198 No active call found for chat 7
2025/08/17 23:55:18.657033 User 2 leaving call for chat 7
2025/08/17 23:55:18.662680 User 2 leaving call for chat 7
2025/08/17 23:55:18.667857 User 2 checking active call for chat 7
2025/08/17 23:55:18.670335 No active call found for chat 7
2025/08/17 23:55:27.000304 User 2 checking active call for chat 7
2025/08/17 23:55:27.001071 No active call found for chat 7
2025/08/17 23:55:29.201044 User 2 checking active call for chat 7
2025/08/17 23:55:29.202582 No active call found for chat 7
2025/08/17 23:55:29.340584 User 2 joining call for chat 7
2025/08/17 23:55:29.348301 Sending join message with global start time: 1755464129353
2025/08/17 23:55:30.403128 User 2 sending ICE candidate to 
2025/08/17 23:55:30.403684 User 2 sending ICE candidate to 
2025/08/17 23:55:30.403877 User 2 sending ICE candidate to 
2025/08/17 23:55:30.403976 User 2 sending ICE candidate to 
2025/08/17 23:55:30.404042 User 2 sending ICE candidate to 
2025/08/17 23:55:35.914450 User 2 leaving call for chat 7
2025/08/17 23:55:35.934270 User 2 leaving call for chat 7
