2025/08/16 18:01:32.541618 User 2 checking active call for chat 7
2025/08/16 18:01:32.543269 Error checking active call: pq: function get_active_call(unknown) does not exist
2025/08/16 18:01:32.650775 User 2 joining call for chat 7
2025/08/16 18:01:32.652571 Error joining call: pq: function join_call(unknown, unknown, unknown, unknown) does not exist
2025/08/16 18:01:36.916398 User 2 leaving call for chat 7
2025/08/16 18:01:36.924438 User 2 leaving call for chat 7
2025/08/16 18:01:36.929969 User 2 checking active call for chat 7
2025/08/16 18:01:36.931299 Error checking active call: pq: function get_active_call(unknown) does not exist
2025/08/16 18:01:37.055499 User 2 joining call for chat 7
2025/08/16 18:01:37.057163 Error joining call: pq: function join_call(unknown, unknown, unknown, unknown) does not exist
2025/08/16 18:01:44.022308 User 2 leaving call for chat 7
2025/08/16 18:01:44.031105 User 2 leaving call for chat 7
2025/08/16 18:01:44.033313 User 2 checking active call for chat 7
2025/08/16 18:01:44.034343 Error checking active call: pq: function get_active_call(unknown) does not exist
2025/08/16 18:01:44.164217 User 2 joining call for chat 7
2025/08/16 18:01:44.165255 Error joining call: pq: function join_call(unknown, unknown, unknown, unknown) does not exist
2025/08/16 18:01:44.951205 User 2 leaving call for chat 7
2025/08/16 18:01:44.957050 User 2 leaving call for chat 7
2025/08/16 18:01:44.960243 User 2 checking active call for chat 7
2025/08/16 18:01:44.965319 Error checking active call: pq: function get_active_call(unknown) does not exist
2025/08/16 18:01:45.101066 User 2 joining call for chat 7
2025/08/16 18:01:45.102898 Error joining call: pq: function join_call(unknown, unknown, unknown, unknown) does not exist
2025/08/16 18:01:45.491266 User 2 leaving call for chat 7
2025/08/16 18:01:45.494224 User 2 leaving call for chat 7
2025/08/16 18:01:45.495969 User 2 checking active call for chat 7
2025/08/16 18:01:45.497557 Error checking active call: pq: function get_active_call(unknown) does not exist
2025/08/16 18:01:45.631320 User 2 joining call for chat 7
2025/08/16 18:01:45.632523 Error joining call: pq: function join_call(unknown, unknown, unknown, unknown) does not exist
2025/08/16 18:01:51.293143 User 2 checking active call for chat 7
2025/08/16 18:01:51.294243 Error checking active call: pq: function get_active_call(unknown) does not exist
2025/08/16 18:01:51.438501 User 2 joining call for chat 7
2025/08/16 18:01:51.439406 Error joining call: pq: function join_call(unknown, unknown, unknown, unknown) does not exist
2025/08/16 18:02:01.702209 User 3 checking active call for chat 7
2025/08/16 18:02:01.702793 Error checking active call: pq: function get_active_call(unknown) does not exist
2025/08/16 18:02:04.903298 User 3 leaving call for chat 7
2025/08/16 18:02:04.909442 User 3 leaving call for chat 7
2025/08/16 18:02:04.911543 User 3 checking active call for chat 7
2025/08/16 18:02:04.913416 Error checking active call: pq: function get_active_call(unknown) does not exist
2025/08/16 18:02:09.730770 User 2 leaving call for chat 7
2025/08/16 18:02:09.738809 User 2 leaving call for chat 7
2025/08/16 18:02:09.741276 User 2 checking active call for chat 7
2025/08/16 18:02:09.746343 Error checking active call: pq: function get_active_call(unknown) does not exist
2025/08/16 18:02:09.859839 User 2 joining call for chat 7
2025/08/16 18:02:09.861658 Error joining call: pq: function join_call(unknown, unknown, unknown, unknown) does not exist
2025/08/16 18:02:10.299085 User 2 leaving call for chat 7
2025/08/16 18:02:10.303888 User 2 leaving call for chat 7
2025/08/16 18:02:10.306218 User 2 checking active call for chat 7
2025/08/16 18:02:10.306809 Error checking active call: pq: function get_active_call(unknown) does not exist
2025/08/16 18:02:10.442373 User 2 joining call for chat 7
2025/08/16 18:02:10.443353 Error joining call: pq: function join_call(unknown, unknown, unknown, unknown) does not exist
2025/08/16 18:02:10.699155 User 2 leaving call for chat 7
2025/08/16 18:02:10.706855 User 2 leaving call for chat 7
2025/08/16 18:02:10.710156 User 2 checking active call for chat 7
2025/08/16 18:02:10.711331 Error checking active call: pq: function get_active_call(unknown) does not exist
2025/08/16 18:02:10.908168 User 2 joining call for chat 7
2025/08/16 18:02:10.909568 Error joining call: pq: function join_call(unknown, unknown, unknown, unknown) does not exist
2025/08/16 18:02:11.045026 User 2 leaving call for chat 7
2025/08/16 18:02:11.049336 User 2 leaving call for chat 7
2025/08/16 18:02:11.050312 User 2 checking active call for chat 7
2025/08/16 18:02:11.051412 Error checking active call: pq: function get_active_call(unknown) does not exist
2025/08/16 18:02:11.174676 User 2 joining call for chat 7
2025/08/16 18:02:11.175970 Error joining call: pq: function join_call(unknown, unknown, unknown, unknown) does not exist
2025/08/16 18:02:11.414666 User 2 leaving call for chat 7
2025/08/16 18:02:11.419574 User 2 leaving call for chat 7
2025/08/16 18:02:11.421947 User 2 checking active call for chat 7
2025/08/16 18:02:11.422575 Error checking active call: pq: function get_active_call(unknown) does not exist
2025/08/16 18:02:11.555347 User 2 joining call for chat 7
2025/08/16 18:02:11.556302 Error joining call: pq: function join_call(unknown, unknown, unknown, unknown) does not exist
2025/08/16 18:02:11.766013 User 2 leaving call for chat 7
2025/08/16 18:02:11.770558 User 2 leaving call for chat 7
2025/08/16 18:02:11.773027 User 2 checking active call for chat 7
2025/08/16 18:02:11.773883 Error checking active call: pq: function get_active_call(unknown) does not exist
2025/08/16 18:02:11.871708 User 2 joining call for chat 7
2025/08/16 18:02:11.872934 Error joining call: pq: function join_call(unknown, unknown, unknown, unknown) does not exist
2025/08/16 18:02:12.120918 User 2 leaving call for chat 7
2025/08/16 18:02:12.125980 User 2 leaving call for chat 7
2025/08/16 18:02:12.129608 User 2 checking active call for chat 7
2025/08/16 18:02:12.130717 Error checking active call: pq: function get_active_call(unknown) does not exist
2025/08/16 18:02:12.238016 User 2 joining call for chat 7
2025/08/16 18:02:12.239084 Error joining call: pq: function join_call(unknown, unknown, unknown, unknown) does not exist
2025/08/16 18:05:37.150316 User 2 checking active call for chat 7
2025/08/16 18:05:37.151049 Error checking active call: pq: function get_active_call(unknown) does not exist
2025/08/16 18:05:37.249015 User 2 joining call for chat 7
2025/08/16 18:05:37.249910 Error joining call: pq: function join_call(unknown, unknown, unknown, unknown) does not exist
2025/08/16 18:05:38.845170 User 2 leaving call for chat 7
2025/08/16 18:05:38.855358 User 2 leaving call for chat 7
2025/08/16 18:05:38.857833 User 2 checking active call for chat 7
2025/08/16 18:05:38.859242 Error checking active call: pq: function get_active_call(unknown) does not exist
2025/08/16 18:05:38.980437 User 2 joining call for chat 7
2025/08/16 18:05:38.982378 Error joining call: pq: function join_call(unknown, unknown, unknown, unknown) does not exist
2025/08/16 18:05:39.360212 User 2 leaving call for chat 7
2025/08/16 18:05:39.366295 User 2 leaving call for chat 7
2025/08/16 18:05:39.369489 User 2 checking active call for chat 7
2025/08/16 18:05:39.372272 Error checking active call: pq: function get_active_call(unknown) does not exist
2025/08/16 18:05:39.478877 User 2 joining call for chat 7
2025/08/16 18:05:39.480236 Error joining call: pq: function join_call(unknown, unknown, unknown, unknown) does not exist
2025/08/16 18:12:10.283102 User 2 leaving call for chat 7
2025/08/16 18:12:10.290166 User 2 leaving call for chat 7
2025/08/16 18:12:10.292765 User 2 checking active call for chat 7
2025/08/16 18:12:10.298087 Error checking active call: pq: function get_active_call(unknown) does not exist
2025/08/16 18:12:10.436880 User 2 joining call for chat 7
2025/08/16 18:12:10.439221 Error joining call: pq: function join_call(unknown, unknown, unknown, unknown) does not exist
2025/08/16 18:12:12.485408 User 2 checking active call for chat 7
2025/08/16 18:12:12.486463 Error checking active call: pq: function get_active_call(unknown) does not exist
2025/08/16 18:12:12.583657 User 2 joining call for chat 7
2025/08/16 18:12:12.584639 Error joining call: pq: function join_call(unknown, unknown, unknown, unknown) does not exist
2025/08/16 18:12:23.689040 User 2 leaving call for chat 7
2025/08/16 18:12:23.697713 User 2 leaving call for chat 7
2025/08/16 18:12:23.699875 User 2 checking active call for chat 7
2025/08/16 18:12:23.700762 Error checking active call: pq: function get_active_call(unknown) does not exist
2025/08/16 18:12:23.810431 User 2 joining call for chat 7
2025/08/16 18:12:23.811821 Error joining call: pq: function join_call(unknown, unknown, unknown, unknown) does not exist
